1000:00000000 30 EAX=00000000 EBX=00000000 ECX=00000000 EDX=00000000 ESP=00001000 EBP=00000000 ESI=00000000 EDI=00000000 CR0=00000000 A20=0 DS=1000 ES=0000 SS=9000 FS=0000 GS=0000 C=0 P=0 A=0 Z=0 S=0 I=1 D=0 O=0 A16 O16 X16
1000:00000002 F9 EAX=00000000 EBX=00000000 ECX=00000000 EDX=00000000 ESP=00001000 EBP=00000000 ESI=00000000 EDI=00000000 CR0=00000000 A20=0 DS=1000 ES=0000 SS=9000 FS=0000 GS=0000 C=0 P=1 A=0 Z=1 S=0 I=1 D=0 O=0 A16 O16 X16
1000:00000003 D6 EAX=00000000 EBX=00000000 ECX=00000000 EDX=00000000 ESP=00001000 EBP=00000000 ESI=00000000 EDI=00000000 CR0=00000000 A20=0 DS=1000 ES=0000 SS=9000 FS=0000 GS=0000 C=1 P=1 A=0 Z=1 S=0 I=1 D=0 O=0 A16 O16 X16
1000:00000004 F8 EAX=000000FF EBX=00000000 ECX=00000000 EDX=00000000 ESP=00001000 EBP=00000000 ESI=00000000 EDI=00000000 CR0=00000000 A20=0 DS=1000 ES=0000 SS=9000 FS=0000 GS=0000 C=1 P=1 A=0 Z=1 S=0 I=1 D=0 O=0 A16 O16 X16
1000:00000005 D6 EAX=000000FF EBX=00000000 ECX=00000000 EDX=00000000 ESP=00001000 EBP=00000000 ESI=00000000 EDI=00000000 CR0=00000000 A20=0 DS=1000 ES=0000 SS=9000 FS=0000 GS=0000 C=0 P=1 A=0 Z=1 S=0 I=1 D=0 O=0 A16 O16 X16
1000:00000006 F1 EAX=00000000 EBX=00000000 ECX=00000000 EDX=00000000 ESP=00001000 EBP=00000000 ESI=00000000 EDI=00000000 CR0=00000000 A20=0 DS=1000 ES=0000 SS=9000 FS=0000 GS=0000 C=0 P=1 A=0 Z=1 S=0 I=1 D=0 O=0 A16 O16 X16
