1000:00000000 B0 EAX=00000000 EBX=00000000 ECX=00000000 EDX=00000000 ESP=00001000 EBP=00000000 ESI=00000000 EDI=00000000 CR0=00000000 A20=0 DS=1000 ES=0000 SS=9000 FS=0000 GS=0000 C=0 P=0 A=0 Z=0 S=0 I=1 D=0 O=0 A16 O16 X16
1000:00000002 D0 EAX=00000082 EBX=00000000 ECX=00000000 EDX=00000000 ESP=00001000 EBP=00000000 ESI=00000000 EDI=00000000 CR0=00000000 A20=0 DS=1000 ES=0000 SS=9000 FS=0000 GS=0000 C=0 P=0 A=0 Z=0 S=0 I=1 D=0 O=0 A16 O16 X16
1000:00000004 C0 EAX=00000041 EBX=00000000 ECX=00000000 EDX=00000000 ESP=00001000 EBP=00000000 ESI=00000000 EDI=00000000 CR0=00000000 A20=0 DS=1000 ES=0000 SS=9000 FS=0000 GS=0000 C=0 P=1 A=0 Z=0 S=0 I=1 D=0 O=1 A16 O16 X16
1000:00000007 B1 EAX=00000010 EBX=00000000 ECX=00000000 EDX=00000000 ESP=00001000 EBP=00000000 ESI=00000000 EDI=00000000 CR0=00000000 A20=0 DS=1000 ES=0000 SS=9000 FS=0000 GS=0000 C=0 P=1 A=0 Z=0 S=0 I=1 D=0 O=1 A16 O16 X16
1000:00000009 D2 EAX=00000010 EBX=00000000 ECX=00000003 EDX=00000000 ESP=00001000 EBP=00000000 ESI=00000000 EDI=00000000 CR0=00000000 A20=0 DS=1000 ES=0000 SS=9000 FS=0000 GS=0000 C=0 P=1 A=0 Z=0 S=0 I=1 D=0 O=1 A16 O16 X16
1000:0000000B B4 EAX=00000002 EBX=00000000 ECX=00000003 EDX=00000000 ESP=00001000 EBP=00000000 ESI=00000000 EDI=00000000 CR0=00000000 A20=0 DS=1000 ES=0000 SS=9000 FS=0000 GS=0000 C=0 P=1 A=0 Z=0 S=0 I=1 D=0 O=1 A16 O16 X16
1000:0000000D D0 EAX=00008202 EBX=00000000 ECX=00000003 EDX=00000000 ESP=00001000 EBP=00000000 ESI=00000000 EDI=00000000 CR0=00000000 A20=0 DS=1000 ES=0000 SS=9000 FS=0000 GS=0000 C=0 P=1 A=0 Z=0 S=0 I=1 D=0 O=1 A16 O16 X16
1000:0000000F C0 EAX=00004102 EBX=00000000 ECX=00000003 EDX=00000000 ESP=00001000 EBP=00000000 ESI=00000000 EDI=00000000 CR0=00000000 A20=0 DS=1000 ES=0000 SS=9000 FS=0000 GS=0000 C=0 P=1 A=0 Z=0 S=0 I=1 D=0 O=1 A16 O16 X16
1000:00000012 B1 EAX=00001002 EBX=00000000 ECX=00000003 EDX=00000000 ESP=00001000 EBP=00000000 ESI=00000000 EDI=00000000 CR0=00000000 A20=0 DS=1000 ES=0000 SS=9000 FS=0000 GS=0000 C=0 P=1 A=0 Z=0 S=0 I=1 D=0 O=1 A16 O16 X16
1000:00000014 D2 EAX=00001002 EBX=00000000 ECX=00000003 EDX=00000000 ESP=00001000 EBP=00000000 ESI=00000000 EDI=00000000 CR0=00000000 A20=0 DS=1000 ES=0000 SS=9000 FS=0000 GS=0000 C=0 P=1 A=0 Z=0 S=0 I=1 D=0 O=1 A16 O16 X16
1000:00000016 B8 EAX=00000202 EBX=00000000 ECX=00000003 EDX=00000000 ESP=00001000 EBP=00000000 ESI=00000000 EDI=00000000 CR0=00000000 A20=0 DS=1000 ES=0000 SS=9000 FS=0000 GS=0000 C=0 P=1 A=0 Z=0 S=0 I=1 D=0 O=1 A16 O16 X16
1000:00000019 D1 EAX=00008234 EBX=00000000 ECX=00000003 EDX=00000000 ESP=00001000 EBP=00000000 ESI=00000000 EDI=00000000 CR0=00000000 A20=0 DS=1000 ES=0000 SS=9000 FS=0000 GS=0000 C=0 P=1 A=0 Z=0 S=0 I=1 D=0 O=1 A16 O16 X16
1000:0000001B C1 EAX=0000411A EBX=00000000 ECX=00000003 EDX=00000000 ESP=00001000 EBP=00000000 ESI=00000000 EDI=00000000 CR0=00000000 A20=0 DS=1000 ES=0000 SS=9000 FS=0000 GS=0000 C=0 P=0 A=0 Z=0 S=0 I=1 D=0 O=1 A16 O16 X16
1000:0000001E B1 EAX=00001046 EBX=00000000 ECX=00000003 EDX=00000000 ESP=00001000 EBP=00000000 ESI=00000000 EDI=00000000 CR0=00000000 A20=0 DS=1000 ES=0000 SS=9000 FS=0000 GS=0000 C=1 P=0 A=0 Z=0 S=0 I=1 D=0 O=1 A16 O16 X16
1000:00000020 D3 EAX=00001046 EBX=00000000 ECX=00000003 EDX=00000000 ESP=00001000 EBP=00000000 ESI=00000000 EDI=00000000 CR0=00000000 A20=0 DS=1000 ES=0000 SS=9000 FS=0000 GS=0000 C=1 P=0 A=0 Z=0 S=0 I=1 D=0 O=1 A16 O16 X16
1000:00000022 66 EAX=00000208 EBX=00000000 ECX=00000003 EDX=00000000 ESP=00001000 EBP=00000000 ESI=00000000 EDI=00000000 CR0=00000000 A20=0 DS=1000 ES=0000 SS=9000 FS=0000 GS=0000 C=1 P=0 A=0 Z=0 S=0 I=1 D=0 O=1 A16 O16 X16
1000:00000023 B8 EAX=00000208 EBX=00000000 ECX=00000003 EDX=00000000 ESP=00001000 EBP=00000000 ESI=00000000 EDI=00000000 CR0=00000000 A20=0 DS=1000 ES=0000 SS=9000 FS=0000 GS=0000 C=1 P=0 A=0 Z=0 S=0 I=1 D=0 O=1 A16 O32 X16
1000:00000028 66 EAX=82345678 EBX=00000000 ECX=00000003 EDX=00000000 ESP=00001000 EBP=00000000 ESI=00000000 EDI=00000000 CR0=00000000 A20=0 DS=1000 ES=0000 SS=9000 FS=0000 GS=0000 C=1 P=0 A=0 Z=0 S=0 I=1 D=0 O=1 A16 O16 X16
1000:00000029 D1 EAX=82345678 EBX=00000000 ECX=00000003 EDX=00000000 ESP=00001000 EBP=00000000 ESI=00000000 EDI=00000000 CR0=00000000 A20=0 DS=1000 ES=0000 SS=9000 FS=0000 GS=0000 C=1 P=0 A=0 Z=0 S=0 I=1 D=0 O=1 A16 O32 X16
1000:0000002B 66 EAX=411A2B3C EBX=00000000 ECX=00000003 EDX=00000000 ESP=00001000 EBP=00000000 ESI=00000000 EDI=00000000 CR0=00000000 A20=0 DS=1000 ES=0000 SS=9000 FS=0000 GS=0000 C=0 P=1 A=0 Z=0 S=0 I=1 D=0 O=1 A16 O16 X16
1000:0000002C C1 EAX=411A2B3C EBX=00000000 ECX=00000003 EDX=00000000 ESP=00001000 EBP=00000000 ESI=00000000 EDI=00000000 CR0=00000000 A20=0 DS=1000 ES=0000 SS=9000 FS=0000 GS=0000 C=0 P=1 A=0 Z=0 S=0 I=1 D=0 O=1 A16 O32 X16
1000:0000002F B1 EAX=10468ACF EBX=00000000 ECX=00000003 EDX=00000000 ESP=00001000 EBP=00000000 ESI=00000000 EDI=00000000 CR0=00000000 A20=0 DS=1000 ES=0000 SS=9000 FS=0000 GS=0000 C=0 P=1 A=0 Z=0 S=0 I=1 D=0 O=1 A16 O16 X16
1000:00000031 66 EAX=10468ACF EBX=00000000 ECX=00000003 EDX=00000000 ESP=00001000 EBP=00000000 ESI=00000000 EDI=00000000 CR0=00000000 A20=0 DS=1000 ES=0000 SS=9000 FS=0000 GS=0000 C=0 P=1 A=0 Z=0 S=0 I=1 D=0 O=1 A16 O16 X16
1000:00000032 D3 EAX=10468ACF EBX=00000000 ECX=00000003 EDX=00000000 ESP=00001000 EBP=00000000 ESI=00000000 EDI=00000000 CR0=00000000 A20=0 DS=1000 ES=0000 SS=9000 FS=0000 GS=0000 C=0 P=1 A=0 Z=0 S=0 I=1 D=0 O=1 A16 O32 X16
1000:00000034 B3 EAX=0208D159 EBX=00000000 ECX=00000003 EDX=00000000 ESP=00001000 EBP=00000000 ESI=00000000 EDI=00000000 CR0=00000000 A20=0 DS=1000 ES=0000 SS=9000 FS=0000 GS=0000 C=1 P=1 A=0 Z=0 S=0 I=1 D=0 O=1 A16 O16 X16
1000:00000036 D0 EAX=0208D159 EBX=00000082 ECX=00000003 EDX=00000000 ESP=00001000 EBP=00000000 ESI=00000000 EDI=00000000 CR0=00000000 A20=0 DS=1000 ES=0000 SS=9000 FS=0000 GS=0000 C=1 P=1 A=0 Z=0 S=0 I=1 D=0 O=1 A16 O16 X16
1000:00000038 C0 EAX=0208D159 EBX=00000041 ECX=00000003 EDX=00000000 ESP=00001000 EBP=00000000 ESI=00000000 EDI=00000000 CR0=00000000 A20=0 DS=1000 ES=0000 SS=9000 FS=0000 GS=0000 C=0 P=1 A=0 Z=0 S=0 I=1 D=0 O=1 A16 O16 X16
1000:0000003B B1 EAX=0208D159 EBX=00000010 ECX=00000003 EDX=00000000 ESP=00001000 EBP=00000000 ESI=00000000 EDI=00000000 CR0=00000000 A20=0 DS=1000 ES=0000 SS=9000 FS=0000 GS=0000 C=0 P=1 A=0 Z=0 S=0 I=1 D=0 O=1 A16 O16 X16
1000:0000003D D2 EAX=0208D159 EBX=00000010 ECX=00000003 EDX=00000000 ESP=00001000 EBP=00000000 ESI=00000000 EDI=00000000 CR0=00000000 A20=0 DS=1000 ES=0000 SS=9000 FS=0000 GS=0000 C=0 P=1 A=0 Z=0 S=0 I=1 D=0 O=1 A16 O16 X16
1000:0000003F B7 EAX=0208D159 EBX=00000002 ECX=00000003 EDX=00000000 ESP=00001000 EBP=00000000 ESI=00000000 EDI=00000000 CR0=00000000 A20=0 DS=1000 ES=0000 SS=9000 FS=0000 GS=0000 C=0 P=1 A=0 Z=0 S=0 I=1 D=0 O=1 A16 O16 X16
1000:00000041 D0 EAX=0208D159 EBX=00008202 ECX=00000003 EDX=00000000 ESP=00001000 EBP=00000000 ESI=00000000 EDI=00000000 CR0=00000000 A20=0 DS=1000 ES=0000 SS=9000 FS=0000 GS=0000 C=0 P=1 A=0 Z=0 S=0 I=1 D=0 O=1 A16 O16 X16
1000:00000043 C0 EAX=0208D159 EBX=00004102 ECX=00000003 EDX=00000000 ESP=00001000 EBP=00000000 ESI=00000000 EDI=00000000 CR0=00000000 A20=0 DS=1000 ES=0000 SS=9000 FS=0000 GS=0000 C=0 P=1 A=0 Z=0 S=0 I=1 D=0 O=1 A16 O16 X16
1000:00000046 B1 EAX=0208D159 EBX=00001002 ECX=00000003 EDX=00000000 ESP=00001000 EBP=00000000 ESI=00000000 EDI=00000000 CR0=00000000 A20=0 DS=1000 ES=0000 SS=9000 FS=0000 GS=0000 C=0 P=1 A=0 Z=0 S=0 I=1 D=0 O=1 A16 O16 X16
1000:00000048 D2 EAX=0208D159 EBX=00001002 ECX=00000003 EDX=00000000 ESP=00001000 EBP=00000000 ESI=00000000 EDI=00000000 CR0=00000000 A20=0 DS=1000 ES=0000 SS=9000 FS=0000 GS=0000 C=0 P=1 A=0 Z=0 S=0 I=1 D=0 O=1 A16 O16 X16
1000:0000004A BB EAX=0208D159 EBX=00000202 ECX=00000003 EDX=00000000 ESP=00001000 EBP=00000000 ESI=00000000 EDI=00000000 CR0=00000000 A20=0 DS=1000 ES=0000 SS=9000 FS=0000 GS=0000 C=0 P=1 A=0 Z=0 S=0 I=1 D=0 O=1 A16 O16 X16
1000:0000004D D1 EAX=0208D159 EBX=00008234 ECX=00000003 EDX=00000000 ESP=00001000 EBP=00000000 ESI=00000000 EDI=00000000 CR0=00000000 A20=0 DS=1000 ES=0000 SS=9000 FS=0000 GS=0000 C=0 P=1 A=0 Z=0 S=0 I=1 D=0 O=1 A16 O16 X16
1000:0000004F C1 EAX=0208D159 EBX=0000411A ECX=00000003 EDX=00000000 ESP=00001000 EBP=00000000 ESI=00000000 EDI=00000000 CR0=00000000 A20=0 DS=1000 ES=0000 SS=9000 FS=0000 GS=0000 C=0 P=0 A=0 Z=0 S=0 I=1 D=0 O=1 A16 O16 X16
1000:00000052 B1 EAX=0208D159 EBX=00001046 ECX=00000003 EDX=00000000 ESP=00001000 EBP=00000000 ESI=00000000 EDI=00000000 CR0=00000000 A20=0 DS=1000 ES=0000 SS=9000 FS=0000 GS=0000 C=1 P=0 A=0 Z=0 S=0 I=1 D=0 O=1 A16 O16 X16
1000:00000054 D3 EAX=0208D159 EBX=00001046 ECX=00000003 EDX=00000000 ESP=00001000 EBP=00000000 ESI=00000000 EDI=00000000 CR0=00000000 A20=0 DS=1000 ES=0000 SS=9000 FS=0000 GS=0000 C=1 P=0 A=0 Z=0 S=0 I=1 D=0 O=1 A16 O16 X16
1000:00000056 66 EAX=0208D159 EBX=00000208 ECX=00000003 EDX=00000000 ESP=00001000 EBP=00000000 ESI=00000000 EDI=00000000 CR0=00000000 A20=0 DS=1000 ES=0000 SS=9000 FS=0000 GS=0000 C=1 P=0 A=0 Z=0 S=0 I=1 D=0 O=1 A16 O16 X16
1000:00000057 BB EAX=0208D159 EBX=00000208 ECX=00000003 EDX=00000000 ESP=00001000 EBP=00000000 ESI=00000000 EDI=00000000 CR0=00000000 A20=0 DS=1000 ES=0000 SS=9000 FS=0000 GS=0000 C=1 P=0 A=0 Z=0 S=0 I=1 D=0 O=1 A16 O32 X16
1000:0000005C 66 EAX=0208D159 EBX=82345678 ECX=00000003 EDX=00000000 ESP=00001000 EBP=00000000 ESI=00000000 EDI=00000000 CR0=00000000 A20=0 DS=1000 ES=0000 SS=9000 FS=0000 GS=0000 C=1 P=0 A=0 Z=0 S=0 I=1 D=0 O=1 A16 O16 X16
1000:0000005D D1 EAX=0208D159 EBX=82345678 ECX=00000003 EDX=00000000 ESP=00001000 EBP=00000000 ESI=00000000 EDI=00000000 CR0=00000000 A20=0 DS=1000 ES=0000 SS=9000 FS=0000 GS=0000 C=1 P=0 A=0 Z=0 S=0 I=1 D=0 O=1 A16 O32 X16
1000:0000005F 66 EAX=0208D159 EBX=411A2B3C ECX=00000003 EDX=00000000 ESP=00001000 EBP=00000000 ESI=00000000 EDI=00000000 CR0=00000000 A20=0 DS=1000 ES=0000 SS=9000 FS=0000 GS=0000 C=0 P=1 A=0 Z=0 S=0 I=1 D=0 O=1 A16 O16 X16
1000:00000060 C1 EAX=0208D159 EBX=411A2B3C ECX=00000003 EDX=00000000 ESP=00001000 EBP=00000000 ESI=00000000 EDI=00000000 CR0=00000000 A20=0 DS=1000 ES=0000 SS=9000 FS=0000 GS=0000 C=0 P=1 A=0 Z=0 S=0 I=1 D=0 O=1 A16 O32 X16
1000:00000063 B1 EAX=0208D159 EBX=10468ACF ECX=00000003 EDX=00000000 ESP=00001000 EBP=00000000 ESI=00000000 EDI=00000000 CR0=00000000 A20=0 DS=1000 ES=0000 SS=9000 FS=0000 GS=0000 C=0 P=1 A=0 Z=0 S=0 I=1 D=0 O=1 A16 O16 X16
1000:00000065 66 EAX=0208D159 EBX=10468ACF ECX=00000003 EDX=00000000 ESP=00001000 EBP=00000000 ESI=00000000 EDI=00000000 CR0=00000000 A20=0 DS=1000 ES=0000 SS=9000 FS=0000 GS=0000 C=0 P=1 A=0 Z=0 S=0 I=1 D=0 O=1 A16 O16 X16
1000:00000066 D3 EAX=0208D159 EBX=10468ACF ECX=00000003 EDX=00000000 ESP=00001000 EBP=00000000 ESI=00000000 EDI=00000000 CR0=00000000 A20=0 DS=1000 ES=0000 SS=9000 FS=0000 GS=0000 C=0 P=1 A=0 Z=0 S=0 I=1 D=0 O=1 A16 O32 X16
1000:00000068 B1 EAX=0208D159 EBX=0208D159 ECX=00000003 EDX=00000000 ESP=00001000 EBP=00000000 ESI=00000000 EDI=00000000 CR0=00000000 A20=0 DS=1000 ES=0000 SS=9000 FS=0000 GS=0000 C=1 P=1 A=0 Z=0 S=0 I=1 D=0 O=1 A16 O16 X16
1000:0000006A D0 EAX=0208D159 EBX=0208D159 ECX=00000082 EDX=00000000 ESP=00001000 EBP=00000000 ESI=00000000 EDI=00000000 CR0=00000000 A20=0 DS=1000 ES=0000 SS=9000 FS=0000 GS=0000 C=1 P=1 A=0 Z=0 S=0 I=1 D=0 O=1 A16 O16 X16
1000:0000006C C0 EAX=0208D159 EBX=0208D159 ECX=00000041 EDX=00000000 ESP=00001000 EBP=00000000 ESI=00000000 EDI=00000000 CR0=00000000 A20=0 DS=1000 ES=0000 SS=9000 FS=0000 GS=0000 C=0 P=1 A=0 Z=0 S=0 I=1 D=0 O=1 A16 O16 X16
1000:0000006F B1 EAX=0208D159 EBX=0208D159 ECX=00000010 EDX=00000000 ESP=00001000 EBP=00000000 ESI=00000000 EDI=00000000 CR0=00000000 A20=0 DS=1000 ES=0000 SS=9000 FS=0000 GS=0000 C=0 P=1 A=0 Z=0 S=0 I=1 D=0 O=1 A16 O16 X16
1000:00000071 D2 EAX=0208D159 EBX=0208D159 ECX=00000003 EDX=00000000 ESP=00001000 EBP=00000000 ESI=00000000 EDI=00000000 CR0=00000000 A20=0 DS=1000 ES=0000 SS=9000 FS=0000 GS=0000 C=0 P=1 A=0 Z=0 S=0 I=1 D=0 O=1 A16 O16 X16
1000:00000073 B5 EAX=0208D159 EBX=0208D159 ECX=00000000 EDX=00000000 ESP=00001000 EBP=00000000 ESI=00000000 EDI=00000000 CR0=00000000 A20=0 DS=1000 ES=0000 SS=9000 FS=0000 GS=0000 C=0 P=1 A=0 Z=0 S=0 I=1 D=0 O=1 A16 O16 X16
1000:00000075 D0 EAX=0208D159 EBX=0208D159 ECX=00008200 EDX=00000000 ESP=00001000 EBP=00000000 ESI=00000000 EDI=00000000 CR0=00000000 A20=0 DS=1000 ES=0000 SS=9000 FS=0000 GS=0000 C=0 P=1 A=0 Z=0 S=0 I=1 D=0 O=1 A16 O16 X16
1000:00000077 C0 EAX=0208D159 EBX=0208D159 ECX=00004100 EDX=00000000 ESP=00001000 EBP=00000000 ESI=00000000 EDI=00000000 CR0=00000000 A20=0 DS=1000 ES=0000 SS=9000 FS=0000 GS=0000 C=0 P=1 A=0 Z=0 S=0 I=1 D=0 O=1 A16 O16 X16
1000:0000007A B1 EAX=0208D159 EBX=0208D159 ECX=00001000 EDX=00000000 ESP=00001000 EBP=00000000 ESI=00000000 EDI=00000000 CR0=00000000 A20=0 DS=1000 ES=0000 SS=9000 FS=0000 GS=0000 C=0 P=1 A=0 Z=0 S=0 I=1 D=0 O=1 A16 O16 X16
1000:0000007C D2 EAX=0208D159 EBX=0208D159 ECX=00001003 EDX=00000000 ESP=00001000 EBP=00000000 ESI=00000000 EDI=00000000 CR0=00000000 A20=0 DS=1000 ES=0000 SS=9000 FS=0000 GS=0000 C=0 P=1 A=0 Z=0 S=0 I=1 D=0 O=1 A16 O16 X16
1000:0000007E B9 EAX=0208D159 EBX=0208D159 ECX=00000203 EDX=00000000 ESP=00001000 EBP=00000000 ESI=00000000 EDI=00000000 CR0=00000000 A20=0 DS=1000 ES=0000 SS=9000 FS=0000 GS=0000 C=0 P=1 A=0 Z=0 S=0 I=1 D=0 O=1 A16 O16 X16
1000:00000081 D1 EAX=0208D159 EBX=0208D159 ECX=00008234 EDX=00000000 ESP=00001000 EBP=00000000 ESI=00000000 EDI=00000000 CR0=00000000 A20=0 DS=1000 ES=0000 SS=9000 FS=0000 GS=0000 C=0 P=1 A=0 Z=0 S=0 I=1 D=0 O=1 A16 O16 X16
1000:00000083 C1 EAX=0208D159 EBX=0208D159 ECX=0000411A EDX=00000000 ESP=00001000 EBP=00000000 ESI=00000000 EDI=00000000 CR0=00000000 A20=0 DS=1000 ES=0000 SS=9000 FS=0000 GS=0000 C=0 P=0 A=0 Z=0 S=0 I=1 D=0 O=1 A16 O16 X16
1000:00000086 B1 EAX=0208D159 EBX=0208D159 ECX=00001046 EDX=00000000 ESP=00001000 EBP=00000000 ESI=00000000 EDI=00000000 CR0=00000000 A20=0 DS=1000 ES=0000 SS=9000 FS=0000 GS=0000 C=1 P=0 A=0 Z=0 S=0 I=1 D=0 O=1 A16 O16 X16
1000:00000088 D3 EAX=0208D159 EBX=0208D159 ECX=00001003 EDX=00000000 ESP=00001000 EBP=00000000 ESI=00000000 EDI=00000000 CR0=00000000 A20=0 DS=1000 ES=0000 SS=9000 FS=0000 GS=0000 C=1 P=0 A=0 Z=0 S=0 I=1 D=0 O=1 A16 O16 X16
1000:0000008A 66 EAX=0208D159 EBX=0208D159 ECX=00000200 EDX=00000000 ESP=00001000 EBP=00000000 ESI=00000000 EDI=00000000 CR0=00000000 A20=0 DS=1000 ES=0000 SS=9000 FS=0000 GS=0000 C=0 P=0 A=0 Z=0 S=0 I=1 D=0 O=1 A16 O16 X16
1000:0000008B B9 EAX=0208D159 EBX=0208D159 ECX=00000200 EDX=00000000 ESP=00001000 EBP=00000000 ESI=00000000 EDI=00000000 CR0=00000000 A20=0 DS=1000 ES=0000 SS=9000 FS=0000 GS=0000 C=0 P=0 A=0 Z=0 S=0 I=1 D=0 O=1 A16 O32 X16
1000:00000090 66 EAX=0208D159 EBX=0208D159 ECX=82345678 EDX=00000000 ESP=00001000 EBP=00000000 ESI=00000000 EDI=00000000 CR0=00000000 A20=0 DS=1000 ES=0000 SS=9000 FS=0000 GS=0000 C=0 P=0 A=0 Z=0 S=0 I=1 D=0 O=1 A16 O16 X16
1000:00000091 D1 EAX=0208D159 EBX=0208D159 ECX=82345678 EDX=00000000 ESP=00001000 EBP=00000000 ESI=00000000 EDI=00000000 CR0=00000000 A20=0 DS=1000 ES=0000 SS=9000 FS=0000 GS=0000 C=0 P=0 A=0 Z=0 S=0 I=1 D=0 O=1 A16 O32 X16
1000:00000093 66 EAX=0208D159 EBX=0208D159 ECX=411A2B3C EDX=00000000 ESP=00001000 EBP=00000000 ESI=00000000 EDI=00000000 CR0=00000000 A20=0 DS=1000 ES=0000 SS=9000 FS=0000 GS=0000 C=0 P=1 A=0 Z=0 S=0 I=1 D=0 O=1 A16 O16 X16
1000:00000094 C1 EAX=0208D159 EBX=0208D159 ECX=411A2B3C EDX=00000000 ESP=00001000 EBP=00000000 ESI=00000000 EDI=00000000 CR0=00000000 A20=0 DS=1000 ES=0000 SS=9000 FS=0000 GS=0000 C=0 P=1 A=0 Z=0 S=0 I=1 D=0 O=1 A16 O32 X16
1000:00000097 B1 EAX=0208D159 EBX=0208D159 ECX=10468ACF EDX=00000000 ESP=00001000 EBP=00000000 ESI=00000000 EDI=00000000 CR0=00000000 A20=0 DS=1000 ES=0000 SS=9000 FS=0000 GS=0000 C=0 P=1 A=0 Z=0 S=0 I=1 D=0 O=1 A16 O16 X16
1000:00000099 66 EAX=0208D159 EBX=0208D159 ECX=10468A03 EDX=00000000 ESP=00001000 EBP=00000000 ESI=00000000 EDI=00000000 CR0=00000000 A20=0 DS=1000 ES=0000 SS=9000 FS=0000 GS=0000 C=0 P=1 A=0 Z=0 S=0 I=1 D=0 O=1 A16 O16 X16
1000:0000009A D3 EAX=0208D159 EBX=0208D159 ECX=10468A03 EDX=00000000 ESP=00001000 EBP=00000000 ESI=00000000 EDI=00000000 CR0=00000000 A20=0 DS=1000 ES=0000 SS=9000 FS=0000 GS=0000 C=0 P=1 A=0 Z=0 S=0 I=1 D=0 O=1 A16 O32 X16
1000:0000009C B2 EAX=0208D159 EBX=0208D159 ECX=0208D140 EDX=00000000 ESP=00001000 EBP=00000000 ESI=00000000 EDI=00000000 CR0=00000000 A20=0 DS=1000 ES=0000 SS=9000 FS=0000 GS=0000 C=0 P=1 A=0 Z=0 S=0 I=1 D=0 O=1 A16 O16 X16
1000:0000009E D0 EAX=0208D159 EBX=0208D159 ECX=0208D140 EDX=00000082 ESP=00001000 EBP=00000000 ESI=00000000 EDI=00000000 CR0=00000000 A20=0 DS=1000 ES=0000 SS=9000 FS=0000 GS=0000 C=0 P=1 A=0 Z=0 S=0 I=1 D=0 O=1 A16 O16 X16
1000:000000A0 C0 EAX=0208D159 EBX=0208D159 ECX=0208D140 EDX=00000041 ESP=00001000 EBP=00000000 ESI=00000000 EDI=00000000 CR0=00000000 A20=0 DS=1000 ES=0000 SS=9000 FS=0000 GS=0000 C=0 P=1 A=0 Z=0 S=0 I=1 D=0 O=1 A16 O16 X16
1000:000000A3 B1 EAX=0208D159 EBX=0208D159 ECX=0208D140 EDX=00000010 ESP=00001000 EBP=00000000 ESI=00000000 EDI=00000000 CR0=00000000 A20=0 DS=1000 ES=0000 SS=9000 FS=0000 GS=0000 C=0 P=1 A=0 Z=0 S=0 I=1 D=0 O=1 A16 O16 X16
1000:000000A5 D2 EAX=0208D159 EBX=0208D159 ECX=0208D103 EDX=00000010 ESP=00001000 EBP=00000000 ESI=00000000 EDI=00000000 CR0=00000000 A20=0 DS=1000 ES=0000 SS=9000 FS=0000 GS=0000 C=0 P=1 A=0 Z=0 S=0 I=1 D=0 O=1 A16 O16 X16
1000:000000A7 B6 EAX=0208D159 EBX=0208D159 ECX=0208D103 EDX=00000002 ESP=00001000 EBP=00000000 ESI=00000000 EDI=00000000 CR0=00000000 A20=0 DS=1000 ES=0000 SS=9000 FS=0000 GS=0000 C=0 P=1 A=0 Z=0 S=0 I=1 D=0 O=1 A16 O16 X16
1000:000000A9 D0 EAX=0208D159 EBX=0208D159 ECX=0208D103 EDX=00008202 ESP=00001000 EBP=00000000 ESI=00000000 EDI=00000000 CR0=00000000 A20=0 DS=1000 ES=0000 SS=9000 FS=0000 GS=0000 C=0 P=1 A=0 Z=0 S=0 I=1 D=0 O=1 A16 O16 X16
1000:000000AB C0 EAX=0208D159 EBX=0208D159 ECX=0208D103 EDX=00004102 ESP=00001000 EBP=00000000 ESI=00000000 EDI=00000000 CR0=00000000 A20=0 DS=1000 ES=0000 SS=9000 FS=0000 GS=0000 C=0 P=1 A=0 Z=0 S=0 I=1 D=0 O=1 A16 O16 X16
1000:000000AE B1 EAX=0208D159 EBX=0208D159 ECX=0208D103 EDX=00001002 ESP=00001000 EBP=00000000 ESI=00000000 EDI=00000000 CR0=00000000 A20=0 DS=1000 ES=0000 SS=9000 FS=0000 GS=0000 C=0 P=1 A=0 Z=0 S=0 I=1 D=0 O=1 A16 O16 X16
1000:000000B0 D2 EAX=0208D159 EBX=0208D159 ECX=0208D103 EDX=00001002 ESP=00001000 EBP=00000000 ESI=00000000 EDI=00000000 CR0=00000000 A20=0 DS=1000 ES=0000 SS=9000 FS=0000 GS=0000 C=0 P=1 A=0 Z=0 S=0 I=1 D=0 O=1 A16 O16 X16
1000:000000B2 BA EAX=0208D159 EBX=0208D159 ECX=0208D103 EDX=00000202 ESP=00001000 EBP=00000000 ESI=00000000 EDI=00000000 CR0=00000000 A20=0 DS=1000 ES=0000 SS=9000 FS=0000 GS=0000 C=0 P=1 A=0 Z=0 S=0 I=1 D=0 O=1 A16 O16 X16
1000:000000B5 D1 EAX=0208D159 EBX=0208D159 ECX=0208D103 EDX=00008234 ESP=00001000 EBP=00000000 ESI=00000000 EDI=00000000 CR0=00000000 A20=0 DS=1000 ES=0000 SS=9000 FS=0000 GS=0000 C=0 P=1 A=0 Z=0 S=0 I=1 D=0 O=1 A16 O16 X16
1000:000000B7 C1 EAX=0208D159 EBX=0208D159 ECX=0208D103 EDX=0000411A ESP=00001000 EBP=00000000 ESI=00000000 EDI=00000000 CR0=00000000 A20=0 DS=1000 ES=0000 SS=9000 FS=0000 GS=0000 C=0 P=0 A=0 Z=0 S=0 I=1 D=0 O=1 A16 O16 X16
1000:000000BA B1 EAX=0208D159 EBX=0208D159 ECX=0208D103 EDX=00001046 ESP=00001000 EBP=00000000 ESI=00000000 EDI=00000000 CR0=00000000 A20=0 DS=1000 ES=0000 SS=9000 FS=0000 GS=0000 C=1 P=0 A=0 Z=0 S=0 I=1 D=0 O=1 A16 O16 X16
1000:000000BC D3 EAX=0208D159 EBX=0208D159 ECX=0208D103 EDX=00001046 ESP=00001000 EBP=00000000 ESI=00000000 EDI=00000000 CR0=00000000 A20=0 DS=1000 ES=0000 SS=9000 FS=0000 GS=0000 C=1 P=0 A=0 Z=0 S=0 I=1 D=0 O=1 A16 O16 X16
1000:000000BE 66 EAX=0208D159 EBX=0208D159 ECX=0208D103 EDX=00000208 ESP=00001000 EBP=00000000 ESI=00000000 EDI=00000000 CR0=00000000 A20=0 DS=1000 ES=0000 SS=9000 FS=0000 GS=0000 C=1 P=0 A=0 Z=0 S=0 I=1 D=0 O=1 A16 O16 X16
1000:000000BF BA EAX=0208D159 EBX=0208D159 ECX=0208D103 EDX=00000208 ESP=00001000 EBP=00000000 ESI=00000000 EDI=00000000 CR0=00000000 A20=0 DS=1000 ES=0000 SS=9000 FS=0000 GS=0000 C=1 P=0 A=0 Z=0 S=0 I=1 D=0 O=1 A16 O32 X16
1000:000000C4 66 EAX=0208D159 EBX=0208D159 ECX=0208D103 EDX=82345678 ESP=00001000 EBP=00000000 ESI=00000000 EDI=00000000 CR0=00000000 A20=0 DS=1000 ES=0000 SS=9000 FS=0000 GS=0000 C=1 P=0 A=0 Z=0 S=0 I=1 D=0 O=1 A16 O16 X16
1000:000000C5 D1 EAX=0208D159 EBX=0208D159 ECX=0208D103 EDX=82345678 ESP=00001000 EBP=00000000 ESI=00000000 EDI=00000000 CR0=00000000 A20=0 DS=1000 ES=0000 SS=9000 FS=0000 GS=0000 C=1 P=0 A=0 Z=0 S=0 I=1 D=0 O=1 A16 O32 X16
1000:000000C7 66 EAX=0208D159 EBX=0208D159 ECX=0208D103 EDX=411A2B3C ESP=00001000 EBP=00000000 ESI=00000000 EDI=00000000 CR0=00000000 A20=0 DS=1000 ES=0000 SS=9000 FS=0000 GS=0000 C=0 P=1 A=0 Z=0 S=0 I=1 D=0 O=1 A16 O16 X16
1000:000000C8 C1 EAX=0208D159 EBX=0208D159 ECX=0208D103 EDX=411A2B3C ESP=00001000 EBP=00000000 ESI=00000000 EDI=00000000 CR0=00000000 A20=0 DS=1000 ES=0000 SS=9000 FS=0000 GS=0000 C=0 P=1 A=0 Z=0 S=0 I=1 D=0 O=1 A16 O32 X16
1000:000000CB B1 EAX=0208D159 EBX=0208D159 ECX=0208D103 EDX=10468ACF ESP=00001000 EBP=00000000 ESI=00000000 EDI=00000000 CR0=00000000 A20=0 DS=1000 ES=0000 SS=9000 FS=0000 GS=0000 C=0 P=1 A=0 Z=0 S=0 I=1 D=0 O=1 A16 O16 X16
1000:000000CD 66 EAX=0208D159 EBX=0208D159 ECX=0208D103 EDX=10468ACF ESP=00001000 EBP=00000000 ESI=00000000 EDI=00000000 CR0=00000000 A20=0 DS=1000 ES=0000 SS=9000 FS=0000 GS=0000 C=0 P=1 A=0 Z=0 S=0 I=1 D=0 O=1 A16 O16 X16
1000:000000CE D3 EAX=0208D159 EBX=0208D159 ECX=0208D103 EDX=10468ACF ESP=00001000 EBP=00000000 ESI=00000000 EDI=00000000 CR0=00000000 A20=0 DS=1000 ES=0000 SS=9000 FS=0000 GS=0000 C=0 P=1 A=0 Z=0 S=0 I=1 D=0 O=1 A16 O32 X16
1000:000000D0 BE EAX=0208D159 EBX=0208D159 ECX=0208D103 EDX=0208D159 ESP=00001000 EBP=00000000 ESI=00000000 EDI=00000000 CR0=00000000 A20=0 DS=1000 ES=0000 SS=9000 FS=0000 GS=0000 C=1 P=1 A=0 Z=0 S=0 I=1 D=0 O=1 A16 O16 X16
1000:000000D3 D1 EAX=0208D159 EBX=0208D159 ECX=0208D103 EDX=0208D159 ESP=00001000 EBP=00000000 ESI=00005678 EDI=00000000 CR0=00000000 A20=0 DS=1000 ES=0000 SS=9000 FS=0000 GS=0000 C=1 P=1 A=0 Z=0 S=0 I=1 D=0 O=1 A16 O16 X16
1000:000000D5 C1 EAX=0208D159 EBX=0208D159 ECX=0208D103 EDX=0208D159 ESP=00001000 EBP=00000000 ESI=00002B3C EDI=00000000 CR0=00000000 A20=0 DS=1000 ES=0000 SS=9000 FS=0000 GS=0000 C=0 P=1 A=0 Z=0 S=0 I=1 D=0 O=0 A16 O16 X16
1000:000000D8 B1 EAX=0208D159 EBX=0208D159 ECX=0208D103 EDX=0208D159 ESP=00001000 EBP=00000000 ESI=00000ACF EDI=00000000 CR0=00000000 A20=0 DS=1000 ES=0000 SS=9000 FS=0000 GS=0000 C=0 P=1 A=0 Z=0 S=0 I=1 D=0 O=0 A16 O16 X16
1000:000000DA D3 EAX=0208D159 EBX=0208D159 ECX=0208D103 EDX=0208D159 ESP=00001000 EBP=00000000 ESI=00000ACF EDI=00000000 CR0=00000000 A20=0 DS=1000 ES=0000 SS=9000 FS=0000 GS=0000 C=0 P=1 A=0 Z=0 S=0 I=1 D=0 O=0 A16 O16 X16
1000:000000DC 66 EAX=0208D159 EBX=0208D159 ECX=0208D103 EDX=0208D159 ESP=00001000 EBP=00000000 ESI=00000159 EDI=00000000 CR0=00000000 A20=0 DS=1000 ES=0000 SS=9000 FS=0000 GS=0000 C=1 P=1 A=0 Z=0 S=0 I=1 D=0 O=0 A16 O16 X16
1000:000000DD BE EAX=0208D159 EBX=0208D159 ECX=0208D103 EDX=0208D159 ESP=00001000 EBP=00000000 ESI=00000159 EDI=00000000 CR0=00000000 A20=0 DS=1000 ES=0000 SS=9000 FS=0000 GS=0000 C=1 P=1 A=0 Z=0 S=0 I=1 D=0 O=0 A16 O32 X16
1000:000000E2 66 EAX=0208D159 EBX=0208D159 ECX=0208D103 EDX=0208D159 ESP=00001000 EBP=00000000 ESI=56789ABC EDI=00000000 CR0=00000000 A20=0 DS=1000 ES=0000 SS=9000 FS=0000 GS=0000 C=1 P=1 A=0 Z=0 S=0 I=1 D=0 O=0 A16 O16 X16
1000:000000E3 D1 EAX=0208D159 EBX=0208D159 ECX=0208D103 EDX=0208D159 ESP=00001000 EBP=00000000 ESI=56789ABC EDI=00000000 CR0=00000000 A20=0 DS=1000 ES=0000 SS=9000 FS=0000 GS=0000 C=1 P=1 A=0 Z=0 S=0 I=1 D=0 O=0 A16 O32 X16
1000:000000E5 66 EAX=0208D159 EBX=0208D159 ECX=0208D103 EDX=0208D159 ESP=00001000 EBP=00000000 ESI=2B3C4D5E EDI=00000000 CR0=00000000 A20=0 DS=1000 ES=0000 SS=9000 FS=0000 GS=0000 C=0 P=0 A=0 Z=0 S=0 I=1 D=0 O=0 A16 O16 X16
1000:000000E6 C1 EAX=0208D159 EBX=0208D159 ECX=0208D103 EDX=0208D159 ESP=00001000 EBP=00000000 ESI=2B3C4D5E EDI=00000000 CR0=00000000 A20=0 DS=1000 ES=0000 SS=9000 FS=0000 GS=0000 C=0 P=0 A=0 Z=0 S=0 I=1 D=0 O=0 A16 O32 X16
1000:000000E9 B1 EAX=0208D159 EBX=0208D159 ECX=0208D103 EDX=0208D159 ESP=00001000 EBP=00000000 ESI=0ACF1357 EDI=00000000 CR0=00000000 A20=0 DS=1000 ES=0000 SS=9000 FS=0000 GS=0000 C=1 P=0 A=0 Z=0 S=0 I=1 D=0 O=0 A16 O16 X16
1000:000000EB 66 EAX=0208D159 EBX=0208D159 ECX=0208D103 EDX=0208D159 ESP=00001000 EBP=00000000 ESI=0ACF1357 EDI=00000000 CR0=00000000 A20=0 DS=1000 ES=0000 SS=9000 FS=0000 GS=0000 C=1 P=0 A=0 Z=0 S=0 I=1 D=0 O=0 A16 O16 X16
1000:000000EC D3 EAX=0208D159 EBX=0208D159 ECX=0208D103 EDX=0208D159 ESP=00001000 EBP=00000000 ESI=0ACF1357 EDI=00000000 CR0=00000000 A20=0 DS=1000 ES=0000 SS=9000 FS=0000 GS=0000 C=1 P=0 A=0 Z=0 S=0 I=1 D=0 O=0 A16 O32 X16
1000:000000EE BF EAX=0208D159 EBX=0208D159 ECX=0208D103 EDX=0208D159 ESP=00001000 EBP=00000000 ESI=0159E26A EDI=00000000 CR0=00000000 A20=0 DS=1000 ES=0000 SS=9000 FS=0000 GS=0000 C=1 P=0 A=0 Z=0 S=0 I=1 D=0 O=0 A16 O16 X16
1000:000000F1 D1 EAX=0208D159 EBX=0208D159 ECX=0208D103 EDX=0208D159 ESP=00001000 EBP=00000000 ESI=0159E26A EDI=00005678 CR0=00000000 A20=0 DS=1000 ES=0000 SS=9000 FS=0000 GS=0000 C=1 P=0 A=0 Z=0 S=0 I=1 D=0 O=0 A16 O16 X16
1000:000000F3 C1 EAX=0208D159 EBX=0208D159 ECX=0208D103 EDX=0208D159 ESP=00001000 EBP=00000000 ESI=0159E26A EDI=00002B3C CR0=00000000 A20=0 DS=1000 ES=0000 SS=9000 FS=0000 GS=0000 C=0 P=1 A=0 Z=0 S=0 I=1 D=0 O=0 A16 O16 X16
1000:000000F6 B1 EAX=0208D159 EBX=0208D159 ECX=0208D103 EDX=0208D159 ESP=00001000 EBP=00000000 ESI=0159E26A EDI=00000ACF CR0=00000000 A20=0 DS=1000 ES=0000 SS=9000 FS=0000 GS=0000 C=0 P=1 A=0 Z=0 S=0 I=1 D=0 O=0 A16 O16 X16
1000:000000F8 D3 EAX=0208D159 EBX=0208D159 ECX=0208D103 EDX=0208D159 ESP=00001000 EBP=00000000 ESI=0159E26A EDI=00000ACF CR0=00000000 A20=0 DS=1000 ES=0000 SS=9000 FS=0000 GS=0000 C=0 P=1 A=0 Z=0 S=0 I=1 D=0 O=0 A16 O16 X16
1000:000000FA 66 EAX=0208D159 EBX=0208D159 ECX=0208D103 EDX=0208D159 ESP=00001000 EBP=00000000 ESI=0159E26A EDI=00000159 CR0=00000000 A20=0 DS=1000 ES=0000 SS=9000 FS=0000 GS=0000 C=1 P=1 A=0 Z=0 S=0 I=1 D=0 O=0 A16 O16 X16
1000:000000FB BF EAX=0208D159 EBX=0208D159 ECX=0208D103 EDX=0208D159 ESP=00001000 EBP=00000000 ESI=0159E26A EDI=00000159 CR0=00000000 A20=0 DS=1000 ES=0000 SS=9000 FS=0000 GS=0000 C=1 P=1 A=0 Z=0 S=0 I=1 D=0 O=0 A16 O32 X16
1000:00000100 66 EAX=0208D159 EBX=0208D159 ECX=0208D103 EDX=0208D159 ESP=00001000 EBP=00000000 ESI=0159E26A EDI=56789ABC CR0=00000000 A20=0 DS=1000 ES=0000 SS=9000 FS=0000 GS=0000 C=1 P=1 A=0 Z=0 S=0 I=1 D=0 O=0 A16 O16 X16
1000:00000101 D1 EAX=0208D159 EBX=0208D159 ECX=0208D103 EDX=0208D159 ESP=00001000 EBP=00000000 ESI=0159E26A EDI=56789ABC CR0=00000000 A20=0 DS=1000 ES=0000 SS=9000 FS=0000 GS=0000 C=1 P=1 A=0 Z=0 S=0 I=1 D=0 O=0 A16 O32 X16
1000:00000103 66 EAX=0208D159 EBX=0208D159 ECX=0208D103 EDX=0208D159 ESP=00001000 EBP=00000000 ESI=0159E26A EDI=2B3C4D5E CR0=00000000 A20=0 DS=1000 ES=0000 SS=9000 FS=0000 GS=0000 C=0 P=0 A=0 Z=0 S=0 I=1 D=0 O=0 A16 O16 X16
1000:00000104 C1 EAX=0208D159 EBX=0208D159 ECX=0208D103 EDX=0208D159 ESP=00001000 EBP=00000000 ESI=0159E26A EDI=2B3C4D5E CR0=00000000 A20=0 DS=1000 ES=0000 SS=9000 FS=0000 GS=0000 C=0 P=0 A=0 Z=0 S=0 I=1 D=0 O=0 A16 O32 X16
1000:00000107 B1 EAX=0208D159 EBX=0208D159 ECX=0208D103 EDX=0208D159 ESP=00001000 EBP=00000000 ESI=0159E26A EDI=0ACF1357 CR0=00000000 A20=0 DS=1000 ES=0000 SS=9000 FS=0000 GS=0000 C=1 P=0 A=0 Z=0 S=0 I=1 D=0 O=0 A16 O16 X16
1000:00000109 66 EAX=0208D159 EBX=0208D159 ECX=0208D103 EDX=0208D159 ESP=00001000 EBP=00000000 ESI=0159E26A EDI=0ACF1357 CR0=00000000 A20=0 DS=1000 ES=0000 SS=9000 FS=0000 GS=0000 C=1 P=0 A=0 Z=0 S=0 I=1 D=0 O=0 A16 O16 X16
1000:0000010A D3 EAX=0208D159 EBX=0208D159 ECX=0208D103 EDX=0208D159 ESP=00001000 EBP=00000000 ESI=0159E26A EDI=0ACF1357 CR0=00000000 A20=0 DS=1000 ES=0000 SS=9000 FS=0000 GS=0000 C=1 P=0 A=0 Z=0 S=0 I=1 D=0 O=0 A16 O32 X16
1000:0000010C BD EAX=0208D159 EBX=0208D159 ECX=0208D103 EDX=0208D159 ESP=00001000 EBP=00000000 ESI=0159E26A EDI=0159E26A CR0=00000000 A20=0 DS=1000 ES=0000 SS=9000 FS=0000 GS=0000 C=1 P=0 A=0 Z=0 S=0 I=1 D=0 O=0 A16 O16 X16
1000:0000010F D1 EAX=0208D159 EBX=0208D159 ECX=0208D103 EDX=0208D159 ESP=00001000 EBP=00005678 ESI=0159E26A EDI=0159E26A CR0=00000000 A20=0 DS=1000 ES=0000 SS=9000 FS=0000 GS=0000 C=1 P=0 A=0 Z=0 S=0 I=1 D=0 O=0 A16 O16 X16
1000:00000111 C1 EAX=0208D159 EBX=0208D159 ECX=0208D103 EDX=0208D159 ESP=00001000 EBP=00002B3C ESI=0159E26A EDI=0159E26A CR0=00000000 A20=0 DS=1000 ES=0000 SS=9000 FS=0000 GS=0000 C=0 P=1 A=0 Z=0 S=0 I=1 D=0 O=0 A16 O16 X16
1000:00000114 B1 EAX=0208D159 EBX=0208D159 ECX=0208D103 EDX=0208D159 ESP=00001000 EBP=00000ACF ESI=0159E26A EDI=0159E26A CR0=00000000 A20=0 DS=1000 ES=0000 SS=9000 FS=0000 GS=0000 C=0 P=1 A=0 Z=0 S=0 I=1 D=0 O=0 A16 O16 X16
1000:00000116 D3 EAX=0208D159 EBX=0208D159 ECX=0208D103 EDX=0208D159 ESP=00001000 EBP=00000ACF ESI=0159E26A EDI=0159E26A CR0=00000000 A20=0 DS=1000 ES=0000 SS=9000 FS=0000 GS=0000 C=0 P=1 A=0 Z=0 S=0 I=1 D=0 O=0 A16 O16 X16
1000:00000118 66 EAX=0208D159 EBX=0208D159 ECX=0208D103 EDX=0208D159 ESP=00001000 EBP=00000159 ESI=0159E26A EDI=0159E26A CR0=00000000 A20=0 DS=1000 ES=0000 SS=9000 FS=0000 GS=0000 C=1 P=1 A=0 Z=0 S=0 I=1 D=0 O=0 A16 O16 X16
1000:00000119 BD EAX=0208D159 EBX=0208D159 ECX=0208D103 EDX=0208D159 ESP=00001000 EBP=00000159 ESI=0159E26A EDI=0159E26A CR0=00000000 A20=0 DS=1000 ES=0000 SS=9000 FS=0000 GS=0000 C=1 P=1 A=0 Z=0 S=0 I=1 D=0 O=0 A16 O32 X16
1000:0000011E 66 EAX=0208D159 EBX=0208D159 ECX=0208D103 EDX=0208D159 ESP=00001000 EBP=56789ABC ESI=0159E26A EDI=0159E26A CR0=00000000 A20=0 DS=1000 ES=0000 SS=9000 FS=0000 GS=0000 C=1 P=1 A=0 Z=0 S=0 I=1 D=0 O=0 A16 O16 X16
1000:0000011F D1 EAX=0208D159 EBX=0208D159 ECX=0208D103 EDX=0208D159 ESP=00001000 EBP=56789ABC ESI=0159E26A EDI=0159E26A CR0=00000000 A20=0 DS=1000 ES=0000 SS=9000 FS=0000 GS=0000 C=1 P=1 A=0 Z=0 S=0 I=1 D=0 O=0 A16 O32 X16
1000:00000121 66 EAX=0208D159 EBX=0208D159 ECX=0208D103 EDX=0208D159 ESP=00001000 EBP=2B3C4D5E ESI=0159E26A EDI=0159E26A CR0=00000000 A20=0 DS=1000 ES=0000 SS=9000 FS=0000 GS=0000 C=0 P=0 A=0 Z=0 S=0 I=1 D=0 O=0 A16 O16 X16
1000:00000122 C1 EAX=0208D159 EBX=0208D159 ECX=0208D103 EDX=0208D159 ESP=00001000 EBP=2B3C4D5E ESI=0159E26A EDI=0159E26A CR0=00000000 A20=0 DS=1000 ES=0000 SS=9000 FS=0000 GS=0000 C=0 P=0 A=0 Z=0 S=0 I=1 D=0 O=0 A16 O32 X16
1000:00000125 B1 EAX=0208D159 EBX=0208D159 ECX=0208D103 EDX=0208D159 ESP=00001000 EBP=0ACF1357 ESI=0159E26A EDI=0159E26A CR0=00000000 A20=0 DS=1000 ES=0000 SS=9000 FS=0000 GS=0000 C=1 P=0 A=0 Z=0 S=0 I=1 D=0 O=0 A16 O16 X16
1000:00000127 66 EAX=0208D159 EBX=0208D159 ECX=0208D103 EDX=0208D159 ESP=00001000 EBP=0ACF1357 ESI=0159E26A EDI=0159E26A CR0=00000000 A20=0 DS=1000 ES=0000 SS=9000 FS=0000 GS=0000 C=1 P=0 A=0 Z=0 S=0 I=1 D=0 O=0 A16 O16 X16
1000:00000128 D3 EAX=0208D159 EBX=0208D159 ECX=0208D103 EDX=0208D159 ESP=00001000 EBP=0ACF1357 ESI=0159E26A EDI=0159E26A CR0=00000000 A20=0 DS=1000 ES=0000 SS=9000 FS=0000 GS=0000 C=1 P=0 A=0 Z=0 S=0 I=1 D=0 O=0 A16 O32 X16
1000:0000012A BC EAX=0208D159 EBX=0208D159 ECX=0208D103 EDX=0208D159 ESP=00001000 EBP=0159E26A ESI=0159E26A EDI=0159E26A CR0=00000000 A20=0 DS=1000 ES=0000 SS=9000 FS=0000 GS=0000 C=1 P=0 A=0 Z=0 S=0 I=1 D=0 O=0 A16 O16 X16
1000:0000012D D1 EAX=0208D159 EBX=0208D159 ECX=0208D103 EDX=0208D159 ESP=00005678 EBP=0159E26A ESI=0159E26A EDI=0159E26A CR0=00000000 A20=0 DS=1000 ES=0000 SS=9000 FS=0000 GS=0000 C=1 P=0 A=0 Z=0 S=0 I=1 D=0 O=0 A16 O16 X16
1000:0000012F C1 EAX=0208D159 EBX=0208D159 ECX=0208D103 EDX=0208D159 ESP=00002B3C EBP=0159E26A ESI=0159E26A EDI=0159E26A CR0=00000000 A20=0 DS=1000 ES=0000 SS=9000 FS=0000 GS=0000 C=0 P=1 A=0 Z=0 S=0 I=1 D=0 O=0 A16 O16 X16
1000:00000132 B1 EAX=0208D159 EBX=0208D159 ECX=0208D103 EDX=0208D159 ESP=00000ACF EBP=0159E26A ESI=0159E26A EDI=0159E26A CR0=00000000 A20=0 DS=1000 ES=0000 SS=9000 FS=0000 GS=0000 C=0 P=1 A=0 Z=0 S=0 I=1 D=0 O=0 A16 O16 X16
1000:00000134 D3 EAX=0208D159 EBX=0208D159 ECX=0208D103 EDX=0208D159 ESP=00000ACF EBP=0159E26A ESI=0159E26A EDI=0159E26A CR0=00000000 A20=0 DS=1000 ES=0000 SS=9000 FS=0000 GS=0000 C=0 P=1 A=0 Z=0 S=0 I=1 D=0 O=0 A16 O16 X16
1000:00000136 66 EAX=0208D159 EBX=0208D159 ECX=0208D103 EDX=0208D159 ESP=00000159 EBP=0159E26A ESI=0159E26A EDI=0159E26A CR0=00000000 A20=0 DS=1000 ES=0000 SS=9000 FS=0000 GS=0000 C=1 P=1 A=0 Z=0 S=0 I=1 D=0 O=0 A16 O16 X16
1000:00000137 BC EAX=0208D159 EBX=0208D159 ECX=0208D103 EDX=0208D159 ESP=00000159 EBP=0159E26A ESI=0159E26A EDI=0159E26A CR0=00000000 A20=0 DS=1000 ES=0000 SS=9000 FS=0000 GS=0000 C=1 P=1 A=0 Z=0 S=0 I=1 D=0 O=0 A16 O32 X16
1000:0000013C 66 EAX=0208D159 EBX=0208D159 ECX=0208D103 EDX=0208D159 ESP=56789ABC EBP=0159E26A ESI=0159E26A EDI=0159E26A CR0=00000000 A20=0 DS=1000 ES=0000 SS=9000 FS=0000 GS=0000 C=1 P=1 A=0 Z=0 S=0 I=1 D=0 O=0 A16 O16 X16
1000:0000013D D1 EAX=0208D159 EBX=0208D159 ECX=0208D103 EDX=0208D159 ESP=56789ABC EBP=0159E26A ESI=0159E26A EDI=0159E26A CR0=00000000 A20=0 DS=1000 ES=0000 SS=9000 FS=0000 GS=0000 C=1 P=1 A=0 Z=0 S=0 I=1 D=0 O=0 A16 O32 X16
1000:0000013F 66 EAX=0208D159 EBX=0208D159 ECX=0208D103 EDX=0208D159 ESP=2B3C4D5E EBP=0159E26A ESI=0159E26A EDI=0159E26A CR0=00000000 A20=0 DS=1000 ES=0000 SS=9000 FS=0000 GS=0000 C=0 P=0 A=0 Z=0 S=0 I=1 D=0 O=0 A16 O16 X16
1000:00000140 C1 EAX=0208D159 EBX=0208D159 ECX=0208D103 EDX=0208D159 ESP=2B3C4D5E EBP=0159E26A ESI=0159E26A EDI=0159E26A CR0=00000000 A20=0 DS=1000 ES=0000 SS=9000 FS=0000 GS=0000 C=0 P=0 A=0 Z=0 S=0 I=1 D=0 O=0 A16 O32 X16
1000:00000143 B1 EAX=0208D159 EBX=0208D159 ECX=0208D103 EDX=0208D159 ESP=0ACF1357 EBP=0159E26A ESI=0159E26A EDI=0159E26A CR0=00000000 A20=0 DS=1000 ES=0000 SS=9000 FS=0000 GS=0000 C=1 P=0 A=0 Z=0 S=0 I=1 D=0 O=0 A16 O16 X16
1000:00000145 66 EAX=0208D159 EBX=0208D159 ECX=0208D103 EDX=0208D159 ESP=0ACF1357 EBP=0159E26A ESI=0159E26A EDI=0159E26A CR0=00000000 A20=0 DS=1000 ES=0000 SS=9000 FS=0000 GS=0000 C=1 P=0 A=0 Z=0 S=0 I=1 D=0 O=0 A16 O16 X16
1000:00000146 D3 EAX=0208D159 EBX=0208D159 ECX=0208D103 EDX=0208D159 ESP=0ACF1357 EBP=0159E26A ESI=0159E26A EDI=0159E26A CR0=00000000 A20=0 DS=1000 ES=0000 SS=9000 FS=0000 GS=0000 C=1 P=0 A=0 Z=0 S=0 I=1 D=0 O=0 A16 O32 X16
1000:00000148 F1 EAX=0208D159 EBX=0208D159 ECX=0208D103 EDX=0208D159 ESP=0159E26A EBP=0159E26A ESI=0159E26A EDI=0159E26A CR0=00000000 A20=0 DS=1000 ES=0000 SS=9000 FS=0000 GS=0000 C=1 P=0 A=0 Z=0 S=0 I=1 D=0 O=0 A16 O16 X16
