1000:00000000 66 EAX=00000000 EBX=00000000 ECX=00000000 EDX=00000000 ESP=00001000 EBP=00000000 ESI=00000000 EDI=00000000 CR0=00000000 A20=0 DS=1000 ES=0000 SS=9000 FS=0000 GS=0000 C=0 P=0 A=0 Z=0 S=0 I=1 D=0 O=0 A16 O16 X16
1000:00000001 B8 EAX=00000000 EBX=00000000 ECX=00000000 EDX=00000000 ESP=00001000 EBP=00000000 ESI=00000000 EDI=00000000 CR0=00000000 A20=0 DS=1000 ES=0000 SS=9000 FS=0000 GS=0000 C=0 P=0 A=0 Z=0 S=0 I=1 D=0 O=0 A16 O32 X16
1000:00000006 66 EAX=01234567 EBX=00000000 ECX=00000000 EDX=00000000 ESP=00001000 EBP=00000000 ESI=00000000 EDI=00000000 CR0=00000000 A20=0 DS=1000 ES=0000 SS=9000 FS=0000 GS=0000 C=0 P=0 A=0 Z=0 S=0 I=1 D=0 O=0 A16 O16 X16
1000:00000007 BB EAX=01234567 EBX=00000000 ECX=00000000 EDX=00000000 ESP=00001000 EBP=00000000 ESI=00000000 EDI=00000000 CR0=00000000 A20=0 DS=1000 ES=0000 SS=9000 FS=0000 GS=0000 C=0 P=0 A=0 Z=0 S=0 I=1 D=0 O=0 A16 O32 X16
1000:0000000C 66 EAX=01234567 EBX=89ABCDEF ECX=00000000 EDX=00000000 ESP=00001000 EBP=00000000 ESI=00000000 EDI=00000000 CR0=00000000 A20=0 DS=1000 ES=0000 SS=9000 FS=0000 GS=0000 C=0 P=0 A=0 Z=0 S=0 I=1 D=0 O=0 A16 O16 X16
1000:0000000D 0F EAX=01234567 EBX=89ABCDEF ECX=00000000 EDX=00000000 ESP=00001000 EBP=00000000 ESI=00000000 EDI=00000000 CR0=00000000 A20=0 DS=1000 ES=0000 SS=9000 FS=0000 GS=0000 C=0 P=0 A=0 Z=0 S=0 I=1 D=0 O=0 A16 O32 X16
1000:00000011 F1 EAX=12345678 EBX=89ABCDEF ECX=00000000 EDX=00000000 ESP=00001000 EBP=00000000 ESI=00000000 EDI=00000000 CR0=00000000 A20=0 DS=1000 ES=0000 SS=9000 FS=0000 GS=0000 C=0 P=1 A=0 Z=0 S=1 I=1 D=0 O=0 A16 O16 X16
